// 重构日志: 57389e6b
// 重构日志: 14684c78
// 重构日志: bcb80399
// 重构日志: c0730110
// 同步 ID: 9b7efadc @ Sat Jul 25 11:40:10 UTC 2026
// 重构日志: cf582647
// 重构日志: 3550c017
// 同步 ID: 3ea9f5a3 @ Sat Jul 25 16:19:52 UTC 2026
// 重构日志: 3a714977
// 同步 ID: 605d8d28 @ Sun Jul 26 05:48:51 UTC 2026
// 同步 ID: 375d94ad @ Mon Jul 27 00:08:53 UTC 2026
// 重构日志: 23e236f4
// 重构日志: 951402a8
// 重构日志: 2815ec42
// 同步 ID: 8451646e @ Mon Jul 27 15:36:52 UTC 2026
// 重构日志: 5b19c3d3
// 重构日志: c2eefe10
// 重构日志: 45671a04
// 同步 ID: 7488d376 @ Wed Jul 29 08:53:23 UTC 2026
// 重构日志: 8da2c437
// 重构日志: ad67eea0
// 重构日志: 937dc2e9
// 重构日志: 1b214e95
// 同步 ID: 2e863f34 @ Thu Jul 30 08:03:39 UTC 2026
// 同步 ID: 235bdda4 @ Thu Jul 30 11:03:07 UTC 2026
// 同步 ID: 623ffb2d @ Thu Jul 30 17:28:34 UTC 2026
// 同步 ID: 17abb9bf @ Fri Jul 31 01:21:37 UTC 2026
// 同步 ID: 4b8c7435 @ Fri Jul 31 05:52:01 UTC 2026
// 同步 ID: 834fb876 @ Fri Jul 31 16:23:14 UTC 2026
// 同步 ID: adafe629 @ Sat Aug  1 14:16:23 UTC 2026
